BEGIN:VCALENDAR
BEGIN:VEVENT
SUMMARY:A Test Calendar Event
DESCRIPTION:TEST
DTSTART:20231204T000000Z
DTEND:20231210T000000Z
END:VEVENT
END:VCALENDAR
